Response{productId=0, statusCode=0, message='Product Successfully Added'} Product{name='Sample product', type='Lipstick', weight=5.000000, family=1, range=1}
